// Jest Snapshot v1, https://goo.gl/fbAQLP

exports[`Board Tests Board matches snapshot 1`] = `
Object {
  "asFragment": [Function],
  "baseElement": <body>
    <div>
      <div
        class="container-sm w-50"
      >
        <div
          class="row"
        >
          <div
            aria-label="cell 0"
            class="col cell text-center"
            id="0"
          />
          <div
            aria-label="cell 1"
            class="col cell text-center"
            id="1"
          />
          <div
            aria-label="cell 2"
            class="col cell text-center"
            id="2"
          />
        </div>
        <div
          class="row text-center"
        >
          <div
            class="col cell text-center"
            id="3"
          />
          <div
            class="col cell text-center"
            id="4"
          />
          <div
            class="col cell text-center"
            id="5"
          />
        </div>
        <div
          class="row"
        >
          <div
            class="col cell text-center"
            id="6"
          />
          <div
            class="col cell text-center"
            id="7"
          />
          <div
            class="col cell text-center"
            id="8"
          />
        </div>
        <div
          class="row"
          style="margin: 20px;"
        />
        <div
          class="row"
        >
          <div
            aria-label="message board"
            class="col message text-center"
            id="user_message"
          />
        </div>
      </div>
    </div>
  </body>,
  "container": <div>
    <div
      class="container-sm w-50"
    >
      <div
        class="row"
      >
        <div
          aria-label="cell 0"
          class="col cell text-center"
          id="0"
        />
        <div
          aria-label="cell 1"
          class="col cell text-center"
          id="1"
        />
        <div
          aria-label="cell 2"
          class="col cell text-center"
          id="2"
        />
      </div>
      <div
        class="row text-center"
      >
        <div
          class="col cell text-center"
          id="3"
        />
        <div
          class="col cell text-center"
          id="4"
        />
        <div
          class="col cell text-center"
          id="5"
        />
      </div>
      <div
        class="row"
      >
        <div
          class="col cell text-center"
          id="6"
        />
        <div
          class="col cell text-center"
          id="7"
        />
        <div
          class="col cell text-center"
          id="8"
        />
      </div>
      <div
        class="row"
        style="margin: 20px;"
      />
      <div
        class="row"
      >
        <div
          aria-label="message board"
          class="col message text-center"
          id="user_message"
        />
      </div>
    </div>
  </div>,
  "debug": [Function],
  "findAllByAltText": [Function],
  "findAllByDisplayValue": [Function],
  "findAllByLabelText": [Function],
  "findAllByPlaceholderText": [Function],
  "findAllByRole": [Function],
  "findAllByTestId": [Function],
  "findAllByText": [Function],
  "findAllByTitle": [Function],
  "findByAltText": [Function],
  "findByDisplayValue": [Function],
  "findByLabelText": [Function],
  "findByPlaceholderText": [Function],
  "findByRole": [Function],
  "findByTestId": [Function],
  "findByText": [Function],
  "findByTitle": [Function],
  "getAllByAltText": [Function],
  "getAllByDisplayValue": [Function],
  "getAllByLabelText": [Function],
  "getAllByPlaceholderText": [Function],
  "getAllByRole": [Function],
  "getAllByTestId": [Function],
  "getAllByText": [Function],
  "getAllByTitle": [Function],
  "getByAltText": [Function],
  "getByDisplayValue": [Function],
  "getByLabelText": [Function],
  "getByPlaceholderText": [Function],
  "getByRole": [Function],
  "getByTestId": [Function],
  "getByText": [Function],
  "getByTitle": [Function],
  "queryAllByAltText": [Function],
  "queryAllByDisplayValue": [Function],
  "queryAllByLabelText": [Function],
  "queryAllByPlaceholderText": [Function],
  "queryAllByRole": [Function],
  "queryAllByTestId": [Function],
  "queryAllByText": [Function],
  "queryAllByTitle": [Function],
  "queryByAltText": [Function],
  "queryByDisplayValue": [Function],
  "queryByLabelText": [Function],
  "queryByPlaceholderText": [Function],
  "queryByRole": [Function],
  "queryByTestId": [Function],
  "queryByText": [Function],
  "queryByTitle": [Function],
  "rerender": [Function],
  "unmount": [Function],
}
`;
